[00001] Initialization... 
[^0002] 5  Starting fib(5)
   n  :  5 
[^0003] 3  Starting fib(3)
   n  :  3 
[^0004] 1  Starting fib(1)
   n  :  1 
[$0004]  
[^0005] 2  Starting fib(2)
   n  :  2 
[^0006] 0  Starting fib(0)
   n  :  0 
[$0006]  
[^0007] 1  Starting fib(1)
   n  :  1 
[$0007]  
[$0005]  
[$0003]  
[^0008] 4  Starting fib(4)
   n  :  4 
[^0009] 2  Starting fib(2)
   n  :  2 
[^0010] 0  Starting fib(0)
   n  :  0 
[$0010]  
[^0011] 1  Starting fib(1)
   n  :  1 
[$0011]  
[$0009]  
[^0012] 3  Starting fib(3)
   n  :  3 
[^0013] 1  Starting fib(1)
   n  :  1 
[$0013]  
[^0014] 2  Starting fib(2)
   n  :  2 
[^0015] 0  Starting fib(0)
   n  :  0 
[$0015]  
[^0016] 1  Starting fib(1)
   n  :  1 
[$0016]  
[$0014]  
[$0012]  
[$0008]  
[$0002]  
[00017] Finished !
   res  :  5 
